// Jest Snapshot v1, https://goo.gl/fbAQLP

exports[`utils getContextualPromptContext should balance the available length equally on both sides of the selection 1`] = `
{
  "afterSelection": "congue eleifend hendrerit. Curabitur maximus sit amet lectus ac dapibus. Suspendisse potenti. Pellentesque vel est molestie, posuere orci nec, finibus ligula. Aliquam erat volutpat. Proin justo diam, lobortis a imperdiet non, mollis quis massa. Mauris rhoncus scelerisque leo, vulputate tempor sem commodo id. Donec volutpat ante at massa mattis ultricies. Mauris quis egestas felis, non vulputate do[…]",
  "beforeSelection": "[…]ius natoque penatibus et magnis dis parturient montes, nascetur ridiculus mus. Pellentesque viverra consectetur lectus vitae rhoncus. Maecenas hendrerit nulla id tristique ullamcorper. Suspendisse gravida dapibus ante volutpat convallis. Quisque enim lectus, lobortis vitae turpis ut, tempor semper lectus. Lorem ipsum dolor sit amet, consectetur adipiscing elit. Nam in quam rhoncus, euismod leo nec",
  "selection": ", molestie risus. Phasellus eu urna sit amet massa ultrices semper. Integer id felis in lorem faucibus laoreet eu et nulla. Nulla tempor lobortis turpis, sed placerat nulla elementum eget. Vestibulum ",
}
`;

exports[`utils getContextualPromptContext should compensate after the selection if before is not enough 1`] = `
{
  "afterSelection": "landit lorem. Aliquam neque risus, tempor sed volutpat eget, cursus at magna. Nullam eu metus orci. Aliquam bibendum pellentesque elit at feugiat. Sed elementum nisl eget ante commodo, pellentesque consectetur mi semper. Vivamus pharetra justo sed velit venenatis, sed lobortis lacus mollis. Mauris finibus dolor non turpis rutrum rhoncus a in lacus. Nunc tempor enim arcu, sit amet egestas urna imperdiet non. Fusce et eros tempus, eleifend leo nec, dictum augue. Class aptent taciti sociosqu ad litora torquent per conubia nostra, per inceptos himenaeos. Duis sit amet laoreet leo, ornare imperdiet massa. Cras iaculis ligula sed commodo suscipit. Donec sit amet sem ut diam ullamcorper pulvinar vel quis mauris. Sed accumsan finibus egestas. Orci varius natoque penatibus et magnis dis parturient […]",
  "beforeSelection": "",
  "selection": "Lorem ipsum dolor sit amet, consectetur adipiscing elit. Pellentesque viverra aliquet magna, id faucibus mauris porta non. Maecenas nec varius ipsum. Ut magna erat, venenatis eu neque nec, bibendum b",
}
`;

exports[`utils getContextualPromptContext should compensate before the selection if after is not enough 1`] = `
{
  "afterSelection": "nisl, posuere et elementum luctus, commodo volutpat diam. Praesent luctus id lacus eu cursus. Sed nec dolor quis neque convallis cursus et quis diam.",
  "beforeSelection": "[…]s. Mauris quis egestas felis, non vulputate dolor. Maecenas egestas diam at arcu auctor sagittis. Nulla dignissim feugiat erat. Sed justo enim, tincidunt quis nunc vel, vestibulum euismod libero. Suspendisse dictum at lorem sit amet porta. Vestibulum vehicula mattis leo sit amet pulvinar. Maecenas in hendrerit magna. Lorem ipsum dolor sit amet, consectetur adipiscing elit. Cras dignissim porttitor quam nec interdum. Sed posuere leo eget sodales dignissim. Mauris malesuada vel diam eget faucibus. Proin et hendrerit dui, ac porttitor nibh. Praesent efficitur mollis condimentum. Aliquam sit amet turpis in felis vulputate eleifend ut facilisis ar",
  "selection": "cu. Praesent feugiat tincidunt metus quis pulvinar. Suspendisse augue odio, finibus a interdum a, porta et ipsum. Praesent sed orci eu quam auctor scelerisque. Nunc lacinia congue aliquam. Donec odio ",
}
`;

exports[`utils getContextualPromptContext should handle an empty selection 1`] = `
{
  "afterSelection": "us laoreet eu et nulla. Nulla tempor lobortis turpis, sed placerat nulla elementum eget. Vestibulum congue eleifend hendrerit. Curabitur maximus sit amet lectus ac dapibus. Suspendisse potenti. Pellentesque vel est molestie, posuere orci nec, finibus ligula. Aliquam erat volutpat. Proin justo diam, lobortis a imperdiet non, mollis quis massa. Mauris rhoncus scelerisque leo, vulputate tempor sem commodo id. Donec volutpat ante at massa mattis ultricies. Mauris quis egestas felis, non vulputate do[…]",
  "beforeSelection": "[…]ius natoque penatibus et magnis dis parturient montes, nascetur ridiculus mus. Pellentesque viverra consectetur lectus vitae rhoncus. Maecenas hendrerit nulla id tristique ullamcorper. Suspendisse gravida dapibus ante volutpat convallis. Quisque enim lectus, lobortis vitae turpis ut, tempor semper lectus. Lorem ipsum dolor sit amet, consectetur adipiscing elit. Nam in quam rhoncus, euismod leo nec, molestie risus. Phasellus eu urna sit amet massa ultrices semper. Integer id felis in lorem faucib",
  "selection": "",
}
`;

exports[`utils getContextualPromptContext should support elements 1`] = `
{
  "afterSelection": "rem lorem lorem lorem lorem lorem lorem lorem lorem lorem lorem lorem lorem lorem lorem lorem lorem lorem lorem lorem lorem lorem lorem lorem lorem lorem lorem lorem lorem lorem 
lorem ipsum
lorem ipsum
?
ipsum ipsum ipsum ipsum ipsum ipsum ipsum ipsum ipsum ipsum ipsum ipsum ipsum ipsum ipsum ipsum ipsum ipsum ipsum ipsum ipsum ipsum ipsum ipsum ipsum ipsum ipsum ipsum ipsum ipsum ipsum ipsum[…]",
  "beforeSelection": "[…]rem lorem lorem lorem lorem lorem lorem lorem lorem lorem lorem lorem lorem lorem lorem lorem lorem lorem lorem lorem lorem lorem lorem lorem lorem lorem lorem lorem lorem lorem lorem lorem lorem lorem lorem lorem lorem lorem lorem lorem lorem lorem lorem lorem lorem lorem lorem lorem lorem lorem lorem lorem lorem lorem lorem lorem lorem lorem lorem lorem lorem lorem lorem lorem lorem lorem lorem ",
  "selection": "lorem lorem lorem lorem lorem lorem lorem lorem lorem lorem lorem lorem lorem lorem lorem lorem lorem lorem lorem lorem lorem lorem lorem lorem lorem lorem lorem lorem lorem lorem lorem lorem lorem lo",
}
`;

exports[`utils getContextualPromptContext should take into account the document size 1`] = `
{
  "afterSelection": "c dolor quis neque convallis cursus et quis diam.",
  "beforeSelection": "Lorem ipsum dolor sit amet, consectetur adipiscing elit. Pellentesque viverra aliquet magna, id fau",
  "selection": "cibus mauris porta non. Maecenas nec varius ipsum. Ut magna erat, venenatis eu neque nec, bibendum blandit lorem. Aliquam neque risus, tempor sed volutpat eget, cursus at magna. Nullam eu metus orci. Aliquam bibendum pellentesque elit at feugiat. Sed elementum nisl eget ante commodo, pellentesque consectetur mi semper. Vivamus pharetra justo sed velit venenatis, sed lobortis lacus mollis. Mauris finibus dolor non turpis rutrum rhoncus a in lacus. Nunc tempor enim arcu, sit amet egestas urna imperdiet non. Fusce et eros tempus, eleifend leo nec, dictum augue. Class aptent taciti sociosqu ad litora torquent per conubia nostra, per inceptos himenaeos. Duis sit amet laoreet leo, ornare imperdiet massa. Cras iaculis ligula sed commodo suscipit. Donec sit amet sem ut diam ullamcorper pulvinar vel quis mauris. Sed accumsan finibus egestas. Orci varius natoque penatibus et magnis dis parturient montes, nascetur ridiculus mus. Pellentesque viverra consectetur lectus vitae rhoncus. Maecenas hendrerit nulla id tristique ullamcorper. Suspendisse gravida dapibus ante volutpat convallis. Quisque enim lectus, lobortis vitae turpis ut, tempor semper lectus. Lorem ipsum dolor sit amet, consectetur adipiscing elit. Nam in quam rhoncus, euismod leo nec, molestie risus. Phasellus eu urna sit amet massa ultrices semper. Integer id felis in lorem faucibus laoreet eu et nulla. Nulla tempor lobortis turpis, sed placerat nulla elementum eget. Vestibulum congue eleifend hendrerit. Curabitur maximus sit amet lectus ac dapibus. Suspendisse potenti. Pellentesque vel est molestie, posuere orci nec, finibus ligula. Aliquam erat volutpat. Proin justo diam, lobortis a imperdiet non, mollis quis massa. Mauris rhoncus scelerisque leo, vulputate tempor sem commodo id. Donec volutpat ante at massa mattis ultricies. Mauris quis egestas felis, non vulputate dolor. Maecenas egestas diam at arcu auctor sagittis. Nulla dignissim feugiat erat. Sed justo enim, tincidunt quis nunc vel, vestibulum euismod libero. Suspendisse dictum at lorem sit amet porta. Vestibulum vehicula mattis leo sit amet pulvinar. Maecenas in hendrerit magna. Lorem ipsum dolor sit amet, consectetur adipiscing elit. Cras dignissim porttitor quam nec interdum. Sed posuere leo eget sodales dignissim. Mauris malesuada vel diam eget faucibus. Proin et hendrerit dui, ac porttitor nibh. Praesent efficitur mollis condimentum. Aliquam sit amet turpis in felis vulputate eleifend ut facilisis arcu. Praesent feugiat tincidunt metus quis pulvinar. Suspendisse augue odio, finibus a interdum a, porta et ipsum. Praesent sed orci eu quam auctor scelerisque. Nunc lacinia congue aliquam. Donec odio nisl, posuere et elementum luctus, commodo volutpat diam. Praesent luctus id lacus eu cursus. Sed ne",
}
`;

exports[`utils getContextualPromptContext should truncate the selection if it is too large 1`] = `
{
  "afterSelection": "",
  "beforeSelection": "",
  "selection": "Lorem ipsum dolor sit amet, consectetur adipiscing elit. Pellentesque viverra aliquet magna, id faucibus mauris porta non. Maecenas nec varius ipsum. Ut magna erat, venenatis eu neque nec, bibendum blandit lorem. Aliquam neque risus, tempor sed volutpat eget, cursus at magna. Nullam eu metus orci. Aliquam bibendum pellentesque elit at feugiat. Sed elementum nisl eget ante commodo, pellentesque consectetur mi semper. Vivamus pharetra justo sed velit venenatis, sed lobortis lacus mollis. Mauris[…]roin et hendrerit dui, ac porttitor nibh. Praesent efficitur mollis condimentum. Aliquam sit amet turpis in felis vulputate eleifend ut facilisis arcu. Praesent feugiat tincidunt metus quis pulvinar. Suspendisse augue odio, finibus a interdum a, porta et ipsum. Praesent sed orci eu quam auctor scelerisque. Nunc lacinia congue aliquam. Donec odio nisl, posuere et elementum luctus, commodo volutpat diam. Praesent luctus id lacus eu cursus. Sed nec dolor quis neque convallis cursus et quis diam.",
}
`;
