// Jest Snapshot v1, https://goo.gl/fbAQLP

exports[`checker large document (snapshot test) 1`] = `
{
  "ast": {
    "_kind": "Document",
    "definitions": [
      {
        "_kind": "ObjectTypeDefinition",
        "fields": [
          {
            "_kind": "FieldDef",
            "leadingComment": null,
            "name": {
              "_kind": "Identifier",
              "name": "r",
              "range": [
                56,
                57,
              ],
            },
            "optional": false,
            "range": [
              56,
              62,
            ],
            "trailingComment": null,
            "type": {
              "_kind": "IntType",
              "range": [
                59,
                62,
              ],
            },
          },
          {
            "_kind": "FieldDef",
            "leadingComment": null,
            "name": {
              "_kind": "Identifier",
              "name": "g",
              "range": [
                64,
                65,
              ],
            },
            "optional": false,
            "range": [
              64,
              70,
            ],
            "trailingComment": null,
            "type": {
              "_kind": "IntType",
              "range": [
                67,
                70,
              ],
            },
          },
          {
            "_kind": "FieldDef",
            "leadingComment": null,
            "name": {
              "_kind": "Identifier",
              "name": "b",
              "range": [
                72,
                73,
              ],
            },
            "optional": false,
            "range": [
              72,
              78,
            ],
            "trailingComment": null,
            "type": {
              "_kind": "IntType",
              "range": [
                75,
                78,
              ],
            },
          },
        ],
        "isStatic": true,
        "leadingComment": null,
        "name": {
          "_kind": "TypeName",
          "name": "RGB",
          "range": [
            50,
            53,
          ],
        },
        "range": [
          45,
          80,
        ],
      },
      {
        "_kind": "ObjectTypeDefinition",
        "fields": [
          {
            "_kind": "FieldDef",
            "leadingComment": null,
            "name": {
              "_kind": "Identifier",
              "name": "type",
              "range": [
                108,
                112,
              ],
            },
            "optional": false,
            "range": [
              108,
              145,
            ],
            "trailingComment": null,
            "type": {
              "_kind": "StringType",
              "range": [
                114,
                145,
              ],
            },
          },
          {
            "_kind": "FieldDef",
            "leadingComment": null,
            "name": {
              "_kind": "Identifier",
              "name": "x",
              "range": [
                154,
                155,
              ],
            },
            "optional": false,
            "range": [
              154,
              160,
            ],
            "trailingComment": null,
            "type": {
              "_kind": "IntType",
              "range": [
                157,
                160,
              ],
            },
          },
          {
            "_kind": "FieldDef",
            "leadingComment": null,
            "name": {
              "_kind": "Identifier",
              "name": "y",
              "range": [
                169,
                170,
              ],
            },
            "optional": false,
            "range": [
              169,
              175,
            ],
            "trailingComment": null,
            "type": {
              "_kind": "IntType",
              "range": [
                172,
                175,
              ],
            },
          },
          {
            "_kind": "FieldDef",
            "leadingComment": null,
            "name": {
              "_kind": "Identifier",
              "name": "width",
              "range": [
                184,
                189,
              ],
            },
            "optional": false,
            "range": [
              184,
              194,
            ],
            "trailingComment": null,
            "type": {
              "_kind": "IntType",
              "range": [
                191,
                194,
              ],
            },
          },
          {
            "_kind": "FieldDef",
            "leadingComment": null,
            "name": {
              "_kind": "Identifier",
              "name": "height",
              "range": [
                203,
                209,
              ],
            },
            "optional": false,
            "range": [
              203,
              214,
            ],
            "trailingComment": null,
            "type": {
              "_kind": "IntType",
              "range": [
                211,
                214,
              ],
            },
          },
          {
            "_kind": "FieldDef",
            "leadingComment": null,
            "name": {
              "_kind": "Identifier",
              "name": "fills",
              "range": [
                223,
                228,
              ],
            },
            "optional": true,
            "range": [
              223,
              236,
            ],
            "trailingComment": null,
            "type": {
              "_kind": "ArrayExpr",
              "ofType": {
                "_kind": "TypeRef",
                "asLiveObject": false,
                "range": [
                  231,
                  234,
                ],
                "ref": {
                  "_kind": "TypeName",
                  "name": "RGB",
                  "range": [
                    231,
                    234,
                  ],
                },
              },
              "range": [
                231,
                236,
              ],
            },
          },
          {
            "_kind": "FieldDef",
            "leadingComment": null,
            "name": {
              "_kind": "Identifier",
              "name": "strokes",
              "range": [
                245,
                252,
              ],
            },
            "optional": true,
            "range": [
              245,
              268,
            ],
            "trailingComment": null,
            "type": {
              "_kind": "LiveListExpr",
              "ofType": {
                "_kind": "TypeRef",
                "asLiveObject": false,
                "range": [
                  264,
                  267,
                ],
                "ref": {
                  "_kind": "TypeName",
                  "name": "RGB",
                  "range": [
                    264,
                    267,
                  ],
                },
              },
              "range": [
                255,
                268,
              ],
            },
          },
        ],
        "isStatic": false,
        "leadingComment": null,
        "name": {
          "_kind": "TypeName",
          "name": "Rect",
          "range": [
            93,
            97,
          ],
        },
        "range": [
          88,
          276,
        ],
      },
      {
        "_kind": "ObjectTypeDefinition",
        "fields": [
          {
            "_kind": "FieldDef",
            "leadingComment": null,
            "name": {
              "_kind": "Identifier",
              "name": "type",
              "range": [
                306,
                310,
              ],
            },
            "optional": false,
            "range": [
              306,
              345,
            ],
            "trailingComment": null,
            "type": {
              "_kind": "StringType",
              "range": [
                312,
                345,
              ],
            },
          },
          {
            "_kind": "FieldDef",
            "leadingComment": null,
            "name": {
              "_kind": "Identifier",
              "name": "cx",
              "range": [
                354,
                356,
              ],
            },
            "optional": false,
            "range": [
              354,
              361,
            ],
            "trailingComment": null,
            "type": {
              "_kind": "IntType",
              "range": [
                358,
                361,
              ],
            },
          },
          {
            "_kind": "FieldDef",
            "leadingComment": null,
            "name": {
              "_kind": "Identifier",
              "name": "cy",
              "range": [
                370,
                372,
              ],
            },
            "optional": false,
            "range": [
              370,
              377,
            ],
            "trailingComment": null,
            "type": {
              "_kind": "IntType",
              "range": [
                374,
                377,
              ],
            },
          },
          {
            "_kind": "FieldDef",
            "leadingComment": null,
            "name": {
              "_kind": "Identifier",
              "name": "radius",
              "range": [
                386,
                392,
              ],
            },
            "optional": false,
            "range": [
              386,
              397,
            ],
            "trailingComment": null,
            "type": {
              "_kind": "IntType",
              "range": [
                394,
                397,
              ],
            },
          },
          {
            "_kind": "FieldDef",
            "leadingComment": null,
            "name": {
              "_kind": "Identifier",
              "name": "fill",
              "range": [
                406,
                410,
              ],
            },
            "optional": true,
            "range": [
              406,
              418,
            ],
            "trailingComment": null,
            "type": {
              "_kind": "TypeRef",
              "asLiveObject": false,
              "range": [
                415,
                418,
              ],
              "ref": {
                "_kind": "TypeName",
                "name": "RGB",
                "range": [
                  415,
                  418,
                ],
              },
            },
          },
          {
            "_kind": "FieldDef",
            "leadingComment": null,
            "name": {
              "_kind": "Identifier",
              "name": "stroke",
              "range": [
                427,
                433,
              ],
            },
            "optional": true,
            "range": [
              427,
              439,
            ],
            "trailingComment": null,
            "type": {
              "_kind": "TypeRef",
              "asLiveObject": false,
              "range": [
                436,
                439,
              ],
              "ref": {
                "_kind": "TypeName",
                "name": "RGB",
                "range": [
                  436,
                  439,
                ],
              },
            },
          },
        ],
        "isStatic": false,
        "leadingComment": null,
        "name": {
          "_kind": "TypeName",
          "name": "Circle",
          "range": [
            289,
            295,
          ],
        },
        "range": [
          284,
          447,
        ],
      },
      {
        "_kind": "ObjectTypeDefinition",
        "fields": [
          {
            "_kind": "FieldDef",
            "leadingComment": null,
            "name": {
              "_kind": "Identifier",
              "name": "mycircle",
              "range": [
                513,
                521,
              ],
            },
            "optional": false,
            "range": [
              513,
              541,
            ],
            "trailingComment": null,
            "type": {
              "_kind": "TypeRef",
              "asLiveObject": true,
              "range": [
                523,
                541,
              ],
              "ref": {
                "_kind": "TypeName",
                "name": "Circle",
                "range": [
                  534,
                  540,
                ],
              },
            },
          },
          {
            "_kind": "FieldDef",
            "leadingComment": null,
            "name": {
              "_kind": "Identifier",
              "name": "myrect",
              "range": [
                550,
                556,
              ],
            },
            "optional": false,
            "range": [
              550,
              574,
            ],
            "trailingComment": null,
            "type": {
              "_kind": "TypeRef",
              "asLiveObject": true,
              "range": [
                558,
                574,
              ],
              "ref": {
                "_kind": "TypeName",
                "name": "Rect",
                "range": [
                  569,
                  573,
                ],
              },
            },
          },
        ],
        "isStatic": false,
        "leadingComment": null,
        "name": {
          "_kind": "TypeName",
          "name": "Storage",
          "range": [
            460,
            467,
          ],
        },
        "range": [
          455,
          582,
        ],
      },
    ],
    "range": [
      7,
      582,
    ],
  },
  "definitions": [
    {
      "_kind": "ObjectTypeDefinition",
      "fields": [
        {
          "_kind": "FieldDef",
          "leadingComment": null,
          "name": {
            "_kind": "Identifier",
            "name": "r",
            "range": [
              56,
              57,
            ],
          },
          "optional": false,
          "range": [
            56,
            62,
          ],
          "trailingComment": null,
          "type": {
            "_kind": "IntType",
            "range": [
              59,
              62,
            ],
          },
        },
        {
          "_kind": "FieldDef",
          "leadingComment": null,
          "name": {
            "_kind": "Identifier",
            "name": "g",
            "range": [
              64,
              65,
            ],
          },
          "optional": false,
          "range": [
            64,
            70,
          ],
          "trailingComment": null,
          "type": {
            "_kind": "IntType",
            "range": [
              67,
              70,
            ],
          },
        },
        {
          "_kind": "FieldDef",
          "leadingComment": null,
          "name": {
            "_kind": "Identifier",
            "name": "b",
            "range": [
              72,
              73,
            ],
          },
          "optional": false,
          "range": [
            72,
            78,
          ],
          "trailingComment": null,
          "type": {
            "_kind": "IntType",
            "range": [
              75,
              78,
            ],
          },
        },
      ],
      "isStatic": true,
      "leadingComment": null,
      "name": {
        "_kind": "TypeName",
        "name": "RGB",
        "range": [
          50,
          53,
        ],
      },
      "range": [
        45,
        80,
      ],
    },
    {
      "_kind": "ObjectTypeDefinition",
      "fields": [
        {
          "_kind": "FieldDef",
          "leadingComment": null,
          "name": {
            "_kind": "Identifier",
            "name": "type",
            "range": [
              108,
              112,
            ],
          },
          "optional": false,
          "range": [
            108,
            145,
          ],
          "trailingComment": null,
          "type": {
            "_kind": "StringType",
            "range": [
              114,
              145,
            ],
          },
        },
        {
          "_kind": "FieldDef",
          "leadingComment": null,
          "name": {
            "_kind": "Identifier",
            "name": "x",
            "range": [
              154,
              155,
            ],
          },
          "optional": false,
          "range": [
            154,
            160,
          ],
          "trailingComment": null,
          "type": {
            "_kind": "IntType",
            "range": [
              157,
              160,
            ],
          },
        },
        {
          "_kind": "FieldDef",
          "leadingComment": null,
          "name": {
            "_kind": "Identifier",
            "name": "y",
            "range": [
              169,
              170,
            ],
          },
          "optional": false,
          "range": [
            169,
            175,
          ],
          "trailingComment": null,
          "type": {
            "_kind": "IntType",
            "range": [
              172,
              175,
            ],
          },
        },
        {
          "_kind": "FieldDef",
          "leadingComment": null,
          "name": {
            "_kind": "Identifier",
            "name": "width",
            "range": [
              184,
              189,
            ],
          },
          "optional": false,
          "range": [
            184,
            194,
          ],
          "trailingComment": null,
          "type": {
            "_kind": "IntType",
            "range": [
              191,
              194,
            ],
          },
        },
        {
          "_kind": "FieldDef",
          "leadingComment": null,
          "name": {
            "_kind": "Identifier",
            "name": "height",
            "range": [
              203,
              209,
            ],
          },
          "optional": false,
          "range": [
            203,
            214,
          ],
          "trailingComment": null,
          "type": {
            "_kind": "IntType",
            "range": [
              211,
              214,
            ],
          },
        },
        {
          "_kind": "FieldDef",
          "leadingComment": null,
          "name": {
            "_kind": "Identifier",
            "name": "fills",
            "range": [
              223,
              228,
            ],
          },
          "optional": true,
          "range": [
            223,
            236,
          ],
          "trailingComment": null,
          "type": {
            "_kind": "ArrayExpr",
            "ofType": {
              "_kind": "TypeRef",
              "asLiveObject": false,
              "range": [
                231,
                234,
              ],
              "ref": {
                "_kind": "TypeName",
                "name": "RGB",
                "range": [
                  231,
                  234,
                ],
              },
            },
            "range": [
              231,
              236,
            ],
          },
        },
        {
          "_kind": "FieldDef",
          "leadingComment": null,
          "name": {
            "_kind": "Identifier",
            "name": "strokes",
            "range": [
              245,
              252,
            ],
          },
          "optional": true,
          "range": [
            245,
            268,
          ],
          "trailingComment": null,
          "type": {
            "_kind": "LiveListExpr",
            "ofType": {
              "_kind": "TypeRef",
              "asLiveObject": false,
              "range": [
                264,
                267,
              ],
              "ref": {
                "_kind": "TypeName",
                "name": "RGB",
                "range": [
                  264,
                  267,
                ],
              },
            },
            "range": [
              255,
              268,
            ],
          },
        },
      ],
      "isStatic": false,
      "leadingComment": null,
      "name": {
        "_kind": "TypeName",
        "name": "Rect",
        "range": [
          93,
          97,
        ],
      },
      "range": [
        88,
        276,
      ],
    },
    {
      "_kind": "ObjectTypeDefinition",
      "fields": [
        {
          "_kind": "FieldDef",
          "leadingComment": null,
          "name": {
            "_kind": "Identifier",
            "name": "type",
            "range": [
              306,
              310,
            ],
          },
          "optional": false,
          "range": [
            306,
            345,
          ],
          "trailingComment": null,
          "type": {
            "_kind": "StringType",
            "range": [
              312,
              345,
            ],
          },
        },
        {
          "_kind": "FieldDef",
          "leadingComment": null,
          "name": {
            "_kind": "Identifier",
            "name": "cx",
            "range": [
              354,
              356,
            ],
          },
          "optional": false,
          "range": [
            354,
            361,
          ],
          "trailingComment": null,
          "type": {
            "_kind": "IntType",
            "range": [
              358,
              361,
            ],
          },
        },
        {
          "_kind": "FieldDef",
          "leadingComment": null,
          "name": {
            "_kind": "Identifier",
            "name": "cy",
            "range": [
              370,
              372,
            ],
          },
          "optional": false,
          "range": [
            370,
            377,
          ],
          "trailingComment": null,
          "type": {
            "_kind": "IntType",
            "range": [
              374,
              377,
            ],
          },
        },
        {
          "_kind": "FieldDef",
          "leadingComment": null,
          "name": {
            "_kind": "Identifier",
            "name": "radius",
            "range": [
              386,
              392,
            ],
          },
          "optional": false,
          "range": [
            386,
            397,
          ],
          "trailingComment": null,
          "type": {
            "_kind": "IntType",
            "range": [
              394,
              397,
            ],
          },
        },
        {
          "_kind": "FieldDef",
          "leadingComment": null,
          "name": {
            "_kind": "Identifier",
            "name": "fill",
            "range": [
              406,
              410,
            ],
          },
          "optional": true,
          "range": [
            406,
            418,
          ],
          "trailingComment": null,
          "type": {
            "_kind": "TypeRef",
            "asLiveObject": false,
            "range": [
              415,
              418,
            ],
            "ref": {
              "_kind": "TypeName",
              "name": "RGB",
              "range": [
                415,
                418,
              ],
            },
          },
        },
        {
          "_kind": "FieldDef",
          "leadingComment": null,
          "name": {
            "_kind": "Identifier",
            "name": "stroke",
            "range": [
              427,
              433,
            ],
          },
          "optional": true,
          "range": [
            427,
            439,
          ],
          "trailingComment": null,
          "type": {
            "_kind": "TypeRef",
            "asLiveObject": false,
            "range": [
              436,
              439,
            ],
            "ref": {
              "_kind": "TypeName",
              "name": "RGB",
              "range": [
                436,
                439,
              ],
            },
          },
        },
      ],
      "isStatic": false,
      "leadingComment": null,
      "name": {
        "_kind": "TypeName",
        "name": "Circle",
        "range": [
          289,
          295,
        ],
      },
      "range": [
        284,
        447,
      ],
    },
    {
      "_kind": "ObjectTypeDefinition",
      "fields": [
        {
          "_kind": "FieldDef",
          "leadingComment": null,
          "name": {
            "_kind": "Identifier",
            "name": "mycircle",
            "range": [
              513,
              521,
            ],
          },
          "optional": false,
          "range": [
            513,
            541,
          ],
          "trailingComment": null,
          "type": {
            "_kind": "TypeRef",
            "asLiveObject": true,
            "range": [
              523,
              541,
            ],
            "ref": {
              "_kind": "TypeName",
              "name": "Circle",
              "range": [
                534,
                540,
              ],
            },
          },
        },
        {
          "_kind": "FieldDef",
          "leadingComment": null,
          "name": {
            "_kind": "Identifier",
            "name": "myrect",
            "range": [
              550,
              556,
            ],
          },
          "optional": false,
          "range": [
            550,
            574,
          ],
          "trailingComment": null,
          "type": {
            "_kind": "TypeRef",
            "asLiveObject": true,
            "range": [
              558,
              574,
            ],
            "ref": {
              "_kind": "TypeName",
              "name": "Rect",
              "range": [
                569,
                573,
              ],
            },
          },
        },
      ],
      "isStatic": false,
      "leadingComment": null,
      "name": {
        "_kind": "TypeName",
        "name": "Storage",
        "range": [
          460,
          467,
        ],
      },
      "range": [
        455,
        582,
      ],
    },
  ],
  "getDefinition": [Function],
  "root": {
    "_kind": "ObjectTypeDefinition",
    "fields": [
      {
        "_kind": "FieldDef",
        "leadingComment": null,
        "name": {
          "_kind": "Identifier",
          "name": "mycircle",
          "range": [
            513,
            521,
          ],
        },
        "optional": false,
        "range": [
          513,
          541,
        ],
        "trailingComment": null,
        "type": {
          "_kind": "TypeRef",
          "asLiveObject": true,
          "range": [
            523,
            541,
          ],
          "ref": {
            "_kind": "TypeName",
            "name": "Circle",
            "range": [
              534,
              540,
            ],
          },
        },
      },
      {
        "_kind": "FieldDef",
        "leadingComment": null,
        "name": {
          "_kind": "Identifier",
          "name": "myrect",
          "range": [
            550,
            556,
          ],
        },
        "optional": false,
        "range": [
          550,
          574,
        ],
        "trailingComment": null,
        "type": {
          "_kind": "TypeRef",
          "asLiveObject": true,
          "range": [
            558,
            574,
          ],
          "ref": {
            "_kind": "TypeName",
            "name": "Rect",
            "range": [
              569,
              573,
            ],
          },
        },
      },
    ],
    "isStatic": false,
    "leadingComment": null,
    "name": {
      "_kind": "TypeName",
      "name": "Storage",
      "range": [
        460,
        467,
      ],
    },
    "range": [
      455,
      582,
    ],
  },
}
`;
